// Jest Snapshot v1, https://goo.gl/fbAQLP

exports[`duty to refer utils dutyToReferStatusCard returns a NOT_STARTED duty to refer status card object 1`] = `
{
  "details": [],
  "heading": "Duty to Refer (DTR)",
  "links": [
    {
      "href": "#",
      "text": "Add submission details",
    },
    {
      "href": "#",
      "text": "Notes",
    },
  ],
  "status": {
    "colour": "red",
    "text": "Not started",
  },
}
`;

exports[`duty to refer utils dutyToReferStatusCard returns a SUBMITTED duty to refer status card object 1`] = `
{
  "details": [
    {
      "key": {
        "text": "Reference",
      },
      "value": {
        "text": "REF123",
      },
    },
    {
      "key": {
        "text": "Submitted",
      },
      "value": {
        "text": "1 December 2025 (9 days ago)",
      },
    },
  ],
  "heading": "Duty to Refer (DTR)",
  "links": [
    {
      "href": "#",
      "text": "Add outcome",
    },
    {
      "href": "#",
      "text": "Notes",
    },
  ],
  "status": {
    "colour": "yellow",
    "text": "Submitted",
  },
}
`;

exports[`duty to refer utils dutyToReferStatusCard returns an empty duty to refer card for undefined duty to refer 1`] = `
{
  "details": [],
  "heading": "Duty to Refer (DTR)",
  "links": [],
  "status": {
    "text": "Unknown",
  },
}
`;
