// Jest Snapshot v1, https://jestjs.io/docs/snapshot-testing

exports[`eligibilityToEligibilityCards returns an array of eligibility card objects 1`] = `
[
  {
    "details": [],
    "heading": "Duty to Refer (DTR)",
    "inactive": false,
    "links": [
      {
        "href": "/cases/X123456/dtr/some-id/details",
        "text": "View referral and notes",
      },
    ],
    "status": {
      "colour": "yellow",
      "text": "Accepted",
    },
  },
  {
    "heading": "Approved premises (CAS1)",
    "inactive": false,
    "links": [
      {
        "href": "#",
        "text": "Start referral",
      },
      {
        "href": "#",
        "text": "Notes",
      },
    ],
    "status": {
      "colour": "orange",
      "text": "Not started",
    },
  },
  {
    "heading": "CAS3 (transitional accommodation)",
    "inactive": false,
    "links": [],
    "status": {
      "colour": "green",
      "text": "Confirmed",
    },
  },
]
`;
