// Jest Snapshot v1, https://goo.gl/fbAQLP

exports[`eligibilityToEligibilityCards returns an array of eligibility card objects 1`] = `
[
  {
    "heading": "Approved premises (CAS1)",
    "inactive": false,
    "links": [
      {
        "href": "#",
        "text": "Start referral",
      },
      {
        "href": "#",
        "text": "Notes",
      },
    ],
    "status": {
      "colour": "red",
      "text": "Not started",
    },
  },
  {
    "heading": "CAS2 for HDC",
    "inactive": false,
    "links": [
      {
        "href": "#",
        "text": "Notes",
      },
    ],
    "status": {
      "colour": "yellow",
      "text": "Upcoming",
    },
  },
  {
    "heading": "CAS2 for court bail",
    "inactive": true,
    "links": [
      {
        "href": "#",
        "text": "Notes",
      },
    ],
    "status": {
      "text": "Not eligible",
    },
  },
  {
    "heading": "CAS2 for prison bail",
    "inactive": false,
    "links": [],
    "status": {
      "colour": "yellow",
      "text": "Submitted",
    },
  },
  {
    "heading": "CAS3 (transitional accommodation)",
    "inactive": false,
    "links": [],
    "status": {
      "colour": "green",
      "text": "Confirmed",
    },
  },
]
`;
