// Jest Snapshot v1, https://goo.gl/fbAQLP

exports[`tables utilities linksCell returns a formatted links cell 1`] = `
"
    <div class="govuk-summary-list__actions govuk-!-padding-0">
      <span class="govuk-table-span govuk-body">
        <ul class="govuk-summary-list__actions-list govuk-!-margin-0">
          
            <li class="govuk-summary-list__actions-list-item">
              <a class="govuk-link govuk-link--no-visited-state" href="/view">View</a>
            </li>
          
            <li class="govuk-summary-list__actions-list-item">
              <a class="govuk-link govuk-link--no-visited-state" href="/notes">Notes</a>
            </li>
          
        </ul>
      </span>
    </div>
  "
`;

exports[`tables utilities linksCell returns nothing when there are no links 1`] = `""`;
